// Jest Snapshot v1, https://goo.gl/fbAQLP

exports[`<Error500 /> it renders correctly 1`] = `
<div
  className="container is-fluid"
>
  <h1
    className="title"
  >
    Something
  </h1>
  <div
    className="content"
  >
    <p>
      Something went wrong with the operation you tried, please try again later
    </p>
  </div>
</div>
`;
