// Jest Snapshot v1, https://goo.gl/fbAQLP

exports[`<Home /> it renders correctly 1`] = `
<div
  className="container is-fluid"
>
  <article
    className="content"
  >
    <h1
      className="title"
    >
      Everything is Running!
    </h1>
    <p>
      Awesome, you've got this far, here are some pointers to make development easier.
    </p>
  </article>
  <article
    className="content"
  >
    <h2
      className="title"
    >
      Bundled goodies
    </h2>
    <p>
      Here's the list of the the packages this boiler plate configures for you.
    </p>
    <ul
      className="libraries"
    >
      <li>
        <a
          href="https://babeljs.io"
          rel="noopener noreferrer"
          target="_blank"
        >
          Babel
        </a>
         
        -
        <span
          className="is-italic"
        >
          The compiler for writing next generation JavaScript
        </span>
      </li>
      <li>
        <a
          href="https://eslint.org"
          rel="noopener noreferrer"
          target="_blank"
        >
          Eslint
        </a>
         
        -
        <span
          className="is-italic"
        >
          Pluggable JavaScript linter
        </span>
      </li>
      <li>
        <a
          href="https://expressjs.com"
          rel="noopener noreferrer"
          target="_blank"
        >
          Express
        </a>
         
        -
        <span
          className="is-italic"
        >
          Fast, unopinionated, minimalist web framework for Node.js
        </span>
      </li>
      <li>
        <a
          href="https://reasonml.github.io/"
          rel="noopener noreferrer"
          target="_blank"
        >
          ReasonML
        </a>
         
        -
        <span
          className="is-italic"
        >
          Reason lets you write simple, fast and quality type safe code while leveraging both the JavaScript & OCaml ecosystems.
        </span>
      </li>
      <li>
        <a
          href="https://www.typescriptlang.org/"
          rel="noopener noreferrer"
          target="_blank"
        >
          TypeScript
        </a>
         
        -
        <span
          className="is-italic"
        >
          A typed superset of JavaScript that compiles to plain Javascript
        </span>
      </li>
      <li>
        <a
          href="https://facebook.github.io/react/"
          rel="noopener noreferrer"
          target="_blank"
        >
          React
        </a>
         
        -
        <span
          className="is-italic"
        >
          A JavaScript library for building user interfaces
        </span>
      </li>
      <li>
        <a
          href="https://reacttraining.com/react-router/"
          rel="noopener noreferrer"
          target="_blank"
        >
          React Router
        </a>
         
        -
        <span
          className="is-italic"
        >
          Declarative Routing for React.js
        </span>
      </li>
      <li>
        <a
          href="http://redux.js.org/"
          rel="noopener noreferrer"
          target="_blank"
        >
          Redux
        </a>
         
        -
        <span
          className="is-italic"
        >
          Redux is a predictable state container for JavaScript apps.
        </span>
      </li>
      <li>
        <a
          href="https://webpack.js.org/concepts/"
          rel="noopener noreferrer"
          target="_blank"
        >
          Webpack
        </a>
         
        -
        <span
          className="is-italic"
        >
          Webpack is a module bundler for modern JavaScript applications.
        </span>
      </li>
    </ul>
  </article>
  <article
    className="content"
  >
    <h2
      className="title"
    >
      Components
    </h2>
    <p>
      The app comes bundled with a super basic
       
      <span
        className="has-text-weight-bold is-family-monospace is-italic"
      >
        redux
      </span>
       
      reducer for adding and removing alerts. You can find the code for these, under the
       
      <span
        className="has-text-weight-bold is-family-monospace is-italic"
      >
        src/redux
      </span>
       
      folder. You can also try the basic messaging by clicking any of the following buttons.
    </p>
    <div
      className="field is-grouped is-grouped-centered"
    >
      <div
        className="control"
      >
        <button
          className="button is-success"
          onClick={[Function]}
          title="Successful alerts will automatically close"
          type="button"
        >
          Notice
        </button>
      </div>
      <div
        className="control"
      >
        <button
          className="button is-warning"
          onClick={[Function]}
          title="Warning alerts will stay until manually closed"
          type="button"
        >
          Warning
        </button>
      </div>
      <div
        className="control"
      >
        <button
          className="button is-danger"
          onClick={[Function]}
          title="Error alerts will stay until manually closed"
          type="button"
        >
          Error
        </button>
      </div>
    </div>
    <p>
      Folder structure looks like this:
    </p>
    <pre
      className="is-family-monospace"
    >
      src/redux/
├── actions
│   ├── messages.js
│   └── types.js
├── reducers
│   ├── index.js
│   └── messages.js
├── selectors
│   └── messages.js
└── store.js
    </pre>
    <p>
      It also comes pre-packaged with 3 pages,
      <span
        className="has-text-weight-bold is-family-monospace is-italic"
      >
         &lt;Home /&gt;
      </span>
      ,
      <span
        className="has-text-weight-bold is-family-monospace is-italic"
      >
         &lt;About /&gt;
      </span>
       
      and
      <span
        className="has-text-weight-bold is-family-monospace is-italic"
      >
         &lt;Error404 /&gt;
      </span>
      . You can use the navigation at the top to visit the first two, and type any unexisting page in the browser URL to visit the latter.
    </p>
    <p>
      We've organized the application by features and created a new folder per each new feature, the aforementions components can be found at
       
      <span
        className="has-text-weight-bold is-family-monospace is-italic"
      >
        src/pages
      </span>
       
      in this app's folder. Folder structure looks like this:
    </p>
    <pre
      className="is-family-monospace"
    >
      src/pages/
├── components
│   ├── About.jsx
│   ├── Error404.jsx
│   ├── Home.jsx
│   └── Libraries.jsx
├── constants
│   ├── home.js
│   └── libraries.js
└── index.js
    </pre>
    <p>
      Lastly we've shipped a few regular purpose components, you can guess what they are
       
      for by looking at their name.
    </p>
    <p>
      Folder structure looks like this:
    </p>
    <pre
      className="is-family-monospace"
    >
      src/components/
├── Dismissable.re
├── Messages.jsx
├── Nav.re
├── Notification.re
└── ReactRouter.re
    </pre>
  </article>
</div>
`;
